=== Control Board & Anti-Regression Verification (FIX-CQ-10) ===
  [OK] STATUS.md contains Section 1 (Live Systems)
  [OK] STATUS.md contains Section 2 (Frozen Systems)
  [OK] STATUS.md contains Section 3 (In Review)
  [OK] STATUS.md contains Section 4 (Defect / Unproved)
  [OK] STATUS.md contains Section 5 (Archived Systems)
  [OK] STATUS.md contains Stand-ins Section
  [OK] plugins.js discovery found enabled plugins (>0)
  [OK] All enabled plugins in plugins.js are explicitly recorded in Section 1 tables
  [OK] DEUS_Core companions discovery found items (>0)
  [OK] All DEUS_Core companion plugins (11) are explicitly recorded in Section 1 tables
  [OK] active_lanes.json discovery found active lanes (>0)
  [OK] All declared active task branches (18) are listed in Section 3
  [OK] All declared reference branches (10) are listed in Section 3
  [OK] Section 5 (Archived Systems) discovery found archived rows (>0)
  [OK] All archived rows in Section 5 contain explicit, valid rulings and non-blank destinations
  [OK] All items declared in Section 5 (51) have been moved off their original paths
  [OK] All archive destinations declared in Section 5 (51) exist on disk
  [OK] Anti-Junk Guard: No unlisted or unauthorized .js files in game/js/plugins (Strict table/list authorization; prose/comments/archive excluded)
  [OK] Board Truth Integrity: all corrections verified (lane-cs reference, historical CQ hash, climate authorities, clean stand-in notes, canonical stand-in tokens, legacy unresolved row)
-----------------------------------------------------
CONTROL BOARD VALIDATION: CLEAN PASS (0 errors)
