START_UTC=2026-09-30T21:02:19.033Z
COMMAND=node tools/ops/test_pace.js
PASS band_0
PASS band_0.499999
PASS band_0.5
PASS band_0.899999
PASS band_0.9
PASS band_1
PASS band_1.1
PASS band_1.100001
PASS band_1.5
PASS band_1.500001
PASS band_invalid_null
PASS band_invalid_undefined
PASS band_invalid_NaN
PASS band_invalid_Infinity
PASS band_invalid_-1
PASS band_invalid_1
PASS surge_cannot_override_high_ratio
PASS bounded_dispatch_suppresses_surge
PASS measured_target_ratio
PASS decimal_pipeline_boundary_0.5
PASS decimal_pipeline_boundary_0.9
PASS decimal_pipeline_boundary_1.1
PASS decimal_pipeline_boundary_1.5
PASS pipeline_band_0
PASS pipeline_band_6
PASS pipeline_band_10
PASS pipeline_band_12
PASS pipeline_band_20
PASS zero_remaining_exhausted_no_nan
PASS missing_reset_unknown
PASS zero_without_reset_unknown
PASS invalid_reset_null
PASS invalid_reset_UNKNOWN
PASS invalid_reset_--
PASS invalid_reset_2026-09-30T17:00
PASS invalid_reset_2026-02-30T17:00Z
PASS invalid_reset_2026-09-30T12:00:00.000Z
PASS invalid_reset_2026-09-30T11:00:00.000Z
PASS invalid_remaining_null
PASS invalid_remaining_50
PASS invalid_remaining_-1
PASS invalid_remaining_101
PASS invalid_remaining_NaN
PASS invalid_remaining_Infinity
PASS invalid_remaining_undefined
PASS stale_reading_rejected
PASS exactly_30_minutes_fresh
PASS invalid_observation_2026-09-30T12:00:36.000Z
PASS invalid_observation_null
PASS invalid_observation_2026-09-30 12:00:00
PASS invalid_observation_UNKNOWN
PASS ungrounded_precision_SESSION_ONLY
PASS ungrounded_precision_PROVIDER_STATE_ONLY
PASS ungrounded_precision_ESTIMATE
PASS ungrounded_precision_UNAVAILABLE
PASS ungrounded_precision_null
PASS ungrounded_precision_undefined
PASS ungrounded_source_""
PASS history_source_""_rejected
PASS ungrounded_source_"UNKNOWN"
PASS history_source_"UNKNOWN"_rejected
PASS ungrounded_source_"unknown"
PASS history_source_"unknown"_rejected
PASS ungrounded_source_" UnKnOwN "
PASS history_source_" UnKnOwN "_rejected
PASS ungrounded_source_"--"
PASS history_source_"--"_rejected
PASS ungrounded_source_" - - "
PASS history_source_" - - "_rejected
PASS ungrounded_source_"N/A"
PASS history_source_"N/A"_rejected
PASS ungrounded_source_"n/a"
PASS history_source_"n/a"_rejected
PASS ungrounded_source_" N / a "
PASS history_source_" N / a "_rejected
PASS ungrounded_source_"bad\nPACE spoof"
PASS history_source_"bad\nPACE spoof"_rejected
PASS ungrounded_source_null
PASS history_source_null_rejected
PASS session_scope_rejected
PASS unverified_rejected
PASS verified_boolean_true_accepted
PASS non_boolean_verified_"false"_rejected
PASS non_boolean_verified_"true"_rejected
PASS non_boolean_verified_null_rejected
PASS non_boolean_verified_0_rejected
PASS non_boolean_verified_1_rejected
PASS non_boolean_verified_{}_rejected
PASS non_boolean_verified_[]_rejected
PASS non_boolean_verified_undefined_rejected
PASS top_level_timestamp_does_not_refresh_snapshot
PASS weekly_precedes_shortest
PASS unknown_weekly_does_not_fallback
PASS rejected_sibling_stale_exposed
PASS rejected_sibling_missing_reset_exposed
PASS rejected_sibling_missing_quota_exposed
PASS rejected_sibling_missing_duration_exposed
PASS rejected_sibling_unverified_exposed
PASS siblings_exposed_when_binding_selection_fails
PASS declared_weekly_missing
PASS shortest_without_weekly
PASS unknown_duration_blocks_shortest_guess
PASS legacy_exact_provider_input
PASS legacy_null_weekly_is_unknown
PASS duplicate_windows_rejected
PASS contradictory_weekly_rejected
PASS inconsistent_duration_rejected
PASS short_window_exhaustion_blocks_weekly_surge
PASS surge_exact_10_percent_time
PASS surge_promotes_effective_0.75
PASS surge_promotes_effective_0.95
PASS surge_promotes_effective_0.999999
PASS surge_no_escalation_1
PASS surge_no_escalation_1.05
PASS surge_no_escalation_1.2
PASS surge_no_escalation_2
PASS surge_unknown_history_missing
PASS surge_unknown_history_mismatched_reset
PASS surge_unknown_history_partial_hour
PASS surge_unknown_history_quota_correction
PASS surge_under_target_guard_exhaustion
PASS surge_under_target_guard_over_budget
PASS surge_under_target_guard_rejected_sibling
PASS surge_under_target_guard_low_quota
PASS surge_not_above_10_percent_time
PASS surge_needs_more_than_10_percent_left
PASS low_quota_bounded
PASS low_quota_band_0
PASS denied_cost_preserves_band_0
PASS low_quota_band_0.5
PASS denied_cost_preserves_band_0.5
PASS low_quota_band_0.9
PASS denied_cost_preserves_band_0.9
PASS low_quota_band_1.1
PASS denied_cost_preserves_band_1.1
PASS low_quota_band_1.5
PASS denied_cost_preserves_band_1.5
PASS low_quota_band_2
PASS denied_cost_preserves_band_2
PASS expected_cost_exceeds_remaining_blocks_surge
PASS expected_cost_equal_quota
PASS cost_does_not_supply_missing_measurement
PASS cold_start_unknown_rate
PASS reset_cycle_not_mixed
PASS account_not_mixed
PASS provider_not_mixed
PASS quota_increase_unknown
PASS intermediate_quota_correction_unknown
PASS no_partial_hour_extrapolation
PASS no_interpolation
PASS flat_boundary_is_observed
PASS repeated_poll_is_not_usage
PASS out_of_order_snapshot_unknown
PASS same_timestamp_conflict_unknown
PASS same_instant_conflict_2026-09-30T11:00:00Z
PASS same_instant_conflict_2026-09-30T11:00Z
PASS same_instant_conflict_2026-09-30T06:00:00-05:00
PASS same_instant_conflict_2026-09-30T13:00:00+02:00
PASS boundary_conflict_not_hidden_by_duplicate_tail
PASS equivalent_reset_instant_measures_same_window
PASS equivalent_instants_deduplicate_and_canonicalize
PASS canonicalization_preserves_conflicting_values_across_polls
PASS history_pruned_and_versioned
PASS all_five_providers_reported_missing_as_unknown
PASS format_numeric_line_cites_both_endpoints
PASS format_unknown_never_zero
PASS utc_normalizes_minutes_and_fraction
PASS utc_explicit_offsets_only
PASS history_schema_rejected
PASS history_bad_sample_rejected
PASS stale_capture_cannot_be_history
PASS unknown_history_source_rejected
PASS invalid_input_throws
PASS invalid_now_throws
PASS invalid_cost_throws
PASS does_not_mutate_inputs
PASS cli_two_foreground_polls_persist_history
PASS cli_read_only_preserves_history
PASS cli_stdin_json
PASS cli_surge_actions_and_dispatch_separate
PASS cli_bad_input_fails_preserves_history
PASS cli_corrupt_history_fails_without_overwrite
PASS cli_missing_input_fails
PASS cli_unknown_option_fails
PASS cli_invalid_expected_cost_fails
PASS cli_input_history_collision_fails
RESULT: 186 passed, 0 failed

EXIT=0
END_UTC=2026-09-30T21:02:20.086Z
